// Jest Snapshot v1, https://goo.gl/fbAQLP

exports[`Lib matches snapshot 1`] = `
{
  "Albums": {
    "Album": {
      "get": [Function],
      "getAll": [Function],
      "getSeveral": [Function],
    },
    "NewReleases": {
      "get": [Function],
    },
    "Tracks": {
      "get": [Function],
      "getAll": [Function],
    },
    "UsersSaved": {
      "check": [Function],
      "checkAll": [Function],
      "get": [Function],
      "getAll": [Function],
      "remove": [Function],
      "removeAll": [Function],
      "save": [Function],
      "saveAll": [Function],
    },
  },
  "Artists": {
    "Albums": {
      "get": [Function],
      "getAll": [Function],
    },
    "Artist": {
      "get": [Function],
      "getAll": [Function],
      "getSeveral": [Function],
    },
    "RelatedArtists": {
      "get": [Function],
    },
    "TopTracks": {
      "get": [Function],
    },
  },
  "Categories": {
    "getCategory": [Function],
    "getSeveralCategories": [Function],
  },
  "Episodes": {
    "checkAllUsersSavedEpisodes": [Function],
    "checkUsersSavedEpisodes": [Function],
    "getAllEpisodes": [Function],
    "getAllUsersSavedEpisodes": [Function],
    "getEpisode": [Function],
    "getSeveralEpisodes": [Function],
    "getUsersSavedEpisodes": [Function],
    "removeAllUsersSavedEpisodes": [Function],
    "removeUsersSavedEpisodes": [Function],
    "saveAllEpisodesForUser": [Function],
    "saveEpisodesForUser": [Function],
  },
  "Genres": {
    "getAvailableGenreSeeds": [Function],
  },
  "Markets": {
    "getAvailableMarkets": [Function],
  },
  "Player": {
    "getAvailableDevices": [Function],
    "getPlaybackState": [Function],
    "transferPlayback": [Function],
  },
  "Playlists": {
    "addPlaylistItems": [Function],
    "changePlaylist": [Function],
    "createPlaylist": [Function],
    "getAllCurrentUsersPlaylists": [Function],
    "getAllPlaylistItems": [Function],
    "getAllUsersPlaylists": [Function],
    "getCategoryPlaylists": [Function],
    "getCurrentUsersPlaylists": [Function],
    "getFeaturedPlaylists": [Function],
    "getPlaylist": [Function],
    "getPlaylistCoverImage": [Function],
    "getPlaylistItems": [Function],
    "getUsersPlaylists": [Function],
    "removePlaylistItems": [Function],
    "reorderPlaylistItems": [Function],
  },
  "Search": {
    "search": [Function],
  },
  "Shows": {
    "Episodes": {
      "get": [Function],
      "getAll": [Function],
    },
    "Show": {
      "get": [Function],
      "getAll": [Function],
      "getSeveral": [Function],
    },
    "UsersSaved": {
      "check": [Function],
      "checkAll": [Function],
      "get": [Function],
      "getAll": [Function],
      "remove": [Function],
      "removeAll": [Function],
      "save": [Function],
      "saveAll": [Function],
    },
  },
  "Tracks": {
    "checkAllUsersSavedTracks": [Function],
    "checkUsersSavedTracks": [Function],
    "getAllAudioFeatures": [Function],
    "getAllTracks": [Function],
    "getAllUsersSavedTracks": [Function],
    "getAudioAnalysis": [Function],
    "getAudioFeatures": [Function],
    "getRecommendations": [Function],
    "getSeveralAudioFeatures": [Function],
    "getSeveralTracks": [Function],
    "getTrack": [Function],
    "getUsersSavedTracks": [Function],
    "removeAllUsersTracksForUser": [Function],
    "removeUsersSavedTracks": [Function],
    "saveAllTracksForUser": [Function],
    "saveTracksForUser": [Function],
  },
  "Users": {
    "checkFollowsAllArtists": [Function],
    "checkFollowsAllUsers": [Function],
    "checkFollowsArtists": [Function],
    "checkFollowsUsers": [Function],
    "checkUsersFollowPlaylist": [Function],
    "followAllArtists": [Function],
    "followAllUsers": [Function],
    "followArtists": [Function],
    "followPlaylist": [Function],
    "followUsers": [Function],
    "getAllUsersTopArtists": [Function],
    "getAllUsersTopTracks": [Function],
    "getCurrentUsersProfile": [Function],
    "getUsersFollowedArtists": [Function],
    "getUsersProfile": [Function],
    "getUsersTopArtists": [Function],
    "getUsersTopTracks": [Function],
    "unfollowAllArtists": [Function],
    "unfollowAllUsers": [Function],
    "unfollowArtists": [Function],
    "unfollowPlaylist": [Function],
    "unfollowUsers": [Function],
  },
}
`;
