// Jest Snapshot v1, https://goo.gl/fbAQLP

exports[`Library CLI valid parsing 1`] = `
{
  "compact": false,
  "features": false,
  "genres": false,
  "last": Infinity,
  "outDir": "",
  "since": "1970-01-01T00:00:00.000Z",
  "token": "abc",
  "type": "light",
}
`;
