// Jest Snapshot v1, https://goo.gl/fbAQLP

exports[`Library gets light library: light track 1`] = `
Object {
  "added_at": "2021-09-30T22:04:57Z",
  "track": Object {
    "album": Object {
      "id": "0vlWyzbAl3ff9b3zout1XQ",
      "name": "Stay With Me",
    },
    "artists": Array [
      Object {
        "id": "5Ho1vKl1Uz8bJlk4vbmvmf",
        "name": "Amelie Lens",
      },
    ],
    "id": "5UsfWcP6SThHlZ4oAgx7ge",
    "name": "Follow",
  },
}
`;

exports[`Library with audio features: features 1`] = `
Object {
  "acousticness": 0.0375,
  "analysis_url": "https://api.spotify.com/v1/audio-analysis/5UsfWcP6SThHlZ4oAgx7ge",
  "danceability": 0.725,
  "duration_ms": 337500,
  "energy": 0.908,
  "id": "5UsfWcP6SThHlZ4oAgx7ge",
  "instrumentalness": 0.822,
  "key": 7,
  "liveness": 0.108,
  "loudness": -8.798,
  "mode": 1,
  "speechiness": 0.0345,
  "tempo": 128.006,
  "time_signature": 4,
  "track_href": "https://api.spotify.com/v1/tracks/5UsfWcP6SThHlZ4oAgx7ge",
  "type": "audio_features",
  "uri": "spotify:track:5UsfWcP6SThHlZ4oAgx7ge",
  "valence": 0.134,
}
`;

exports[`Library with genres: genres 1`] = `
Array [
  Array [
    "acid techno",
    "belgian techno",
    "dark techno",
    "electra",
  ],
]
`;
